#
# A fatal error has been detected by the Java Runtime Environment:
#
#  EXCEPTION_ACCESS_VIOLATION (0xc0000005) at pc=0x00007ffaecaeca30, pid=10276, tid=10248
#
# JRE version: OpenJDK Runtime Environment Temurin-21.0.10+7 (21.0.10+7) (build 21.0.10+7-LTS)
# Java VM: OpenJDK 64-Bit Server VM Temurin-21.0.10+7 (21.0.10+7-LTS, mixed mode, sharing, tiered, compressed oops, compressed class ptrs, parallel gc, windows-amd64)
# Problematic frame:
# V  [jvm.dll+0xca30]
#
# No core dump will be written. Minidumps are not enabled by default on client versions of Windows
#
# If you would like to submit a bug report, please visit:
#   https://github.com/adoptium/adoptium-support/issues
#

---------------  S U M M A R Y ------------

Command Line: --add-modules=ALL-SYSTEM --add-opens=java.base/java.util=ALL-UNNAMED --add-opens=java.base/java.lang=ALL-UNNAMED --add-opens=java.base/sun.nio.fs=ALL-UNNAMED -Declipse.application=org.eclipse.jdt.ls.core.id1 -Dosgi.bundles.defaultStartLevel=4 -Declipse.product=org.eclipse.jdt.ls.core.product -Djava.import.generatesMetadataFilesAtProjectRoot=false -DDetectVMInstallationsJob.disabled=true -Dfile.encoding=utf8 -XX:+UseParallelGC -XX:GCTimeRatio=4 -XX:AdaptiveSizePolicyWeight=90 -Dsun.zip.disableMemoryMapping=true -Xmx2G -Xms100m -Xlog:disable -javaagent:c:\Users\mkhan\.vscode\extensions\redhat.java-1.54.0-win32-x64\lombok\lombok-1.18.39-4050.jar -XX:+HeapDumpOnOutOfMemoryError -XX:HeapDumpPath=c:\Users\mkhan\AppData\Roaming\Code\User\workspaceStorage\2b81c847fb61f26cd535a11eea2a8e19\redhat.java -Daether.dependencyCollector.impl=bf c:\Users\mkhan\.vscode\extensions\redhat.java-1.54.0-win32-x64\server\plugins\org.eclipse.equinox.launcher_1.7.100.v20251111-0406.jar -configuration c:\Users\mkhan\AppData\Roaming\Code\User\globalStorage\redhat.java\1.54.0\config_win -data c:\Users\mkhan\AppData\Roaming\Code\User\workspaceStorage\2b81c847fb61f26cd535a11eea2a8e19\redhat.java\jdt_ws --pipe=\\.\pipe\lsp-0d1cd46ad1538bb515df8ceb164d96d3-sock

Host: Intel(R) Core(TM) i5-8250U CPU @ 1.60GHz, 8 cores, 3G,  Windows 11 , 64 bit Build 26100 (10.0.26100.8328)
Time: Sun May  3 15:53:50 2026 India Standard Time elapsed time: 205.240201 seconds (0d 0h 3m 25s)

---------------  T H R E A D  ---------------

Current thread (0x0000022170944cb0):  WorkerThread "GC Thread#2"    [id=10248, stack(0x000000ec14c00000,0x000000ec14d00000) (1024K)]

Stack: [0x000000ec14c00000,0x000000ec14d00000],  sp=0x000000ec14cff788,  free space=1021k
Native frames: (J=compiled Java code, j=interpreted, Vv=VM code, C=native code)
V  [jvm.dll+0xca30]


siginfo: EXCEPTION_ACCESS_VIOLATION (0xc0000005), reading address 0x0000000000000100


Registers:
RAX=0x0000000000000000, RBX=0x0000000081bba3d8, RCX=0x0000022100000000, RDX=0x0000000081bba3d8
RSP=0x000000ec14cff788, RBP=0x0000000081fa8a54, RSI=0x000002215826d1a0, RDI=0x0000000081fa8418
R8 =0x0000022100000000, R9 =0x0000000000000000, R10=0x0000000081fe2520, R11=0x000000000000003f
R12=0x00007ffaed728250, R13=0x000000ec14cff9c8, R14=0x0000000000000000, R15=0x00007ffaed5795a0
RIP=0x00007ffaecaeca30, EFLAGS=0x0000000000010246

XMM[0]=0x00007ffa00000800 0x0000000084dab9e0
XMM[1]=0x0000000000000000 0x000000ec151ff610
XMM[2]=0x0000000000000000 0x0000000000000000
XMM[3]=0x0000000000000000 0x0000000000000000
XMM[4]=0x0000000000000000 0x0000000000000000
XMM[5]=0x0000000000000000 0x0000000000000000
XMM[6]=0x0000000000000000 0x0000000000000000
XMM[7]=0x0000000000000000 0x0000000000000000
XMM[8]=0x0000000000000000 0x0000000000000000
XMM[9]=0x0000000000000000 0x0000000000000000
XMM[10]=0x0000000000000000 0x0000000000000000
XMM[11]=0x0000000000000000 0x0000000000000000
XMM[12]=0x0000000000000000 0x0000000000000000
XMM[13]=0x0000000000000000 0x0000000000000000
XMM[14]=0x0000000000000000 0x0000000000000000
XMM[15]=0x0000000000000000 0x0000000000000000
  MXCSR=0x00001fa0


Register to memory mapping:

RAX=0x0 is null
RBX=0x0000000081bba3d8 is pointing into object: [Ljava.util.HashMap$Node; 
{0x0000000081bba3a0} - klass: 'java/util/HashMap$Node'[]
 - length: 16
RCX=0x0000022100000000 is pointing into metadata
RDX=0x0000000081bba3d8 is pointing into object: [Ljava.util.HashMap$Node; 
{0x0000000081bba3a0} - klass: 'java/util/HashMap$Node'[]
 - length: 16
RSP=0x000000ec14cff788 points into unknown readable memory: 0x00007ffaed1c409e | 9e 40 1c ed fa 7f 00 00
RBP=0x0000000081fa8a54 is pointing into object: [Ljava.lang.Object; 
{0x0000000081fa8280} - klass: 'java/lang/Object'[]
 - length: 497
RSI=0x000002215826d1a0 points into unknown readable memory: 0x00000221580de8f0 | f0 e8 0d 58 21 02 00 00
RDI=0x0000000081fa8418 is pointing into object: [Ljava.lang.Object; 
{0x0000000081fa8280} - klass: 'java/lang/Object'[]
 - length: 497
R8 =0x0000022100000000 is pointing into metadata
R9 =0x0 is null
R10=0x0000000081fe2520 is an oop: java.lang.String 
{0x0000000081fe2520} - klass: 'java/lang/String'
 - string: "ETH"
 - ---- fields (total size 3 words):
 - private 'hash' 'I' @12  0 (0x00000000)
 - private final 'coder' 'B' @16  0 (0x00)
 - private 'hashIsZero' 'Z' @17  false (0x00)
 - injected 'flags' 'B' @18  0 (0x00)
 - private final 'value' '[B' @20  [B{0x0000000081fe2538} (0x81fe2538)
R11=0x000000000000003f is an unknown value
R12=0x00007ffaed728250 jvm.dll
R13=0x000000ec14cff9c8 points into unknown readable memory: 0x00007ffaed579ff0 | f0 9f 57 ed fa 7f 00 00
R14=0x0 is null
R15=0x00007ffaed5795a0 jvm.dll

Top of Stack: (sp=0x000000ec14cff788)
0x000000ec14cff788:   00007ffaed1c409e 0000000081fe2520
0x000000ec14cff798:   0000000081fa8414 000002210000eb10
0x000000ec14cff7a8:   00007ffaed1c215e 0000000081bba3d8
0x000000ec14cff7b8:   00007ffaed1ec0db 0000000000000000
0x000000ec14cff7c8:   00007ffaed728250 00007ffaed5795a0
0x000000ec14cff7d8:   0000000000000000 0000000081fa8280
0x000000ec14cff7e8:   00007ffaed1ecb75 000002215826d1a0
0x000000ec14cff7f8:   00007ffaed4d77e0 0000000000000707
0x000000ec14cff808:   0000000000000000 00007ffaed5795a0
0x000000ec14cff818:   00000221581b3f80 0000000000000004
0x000000ec14cff828:   000002215826d1a0 0000000000000000
0x000000ec14cff838:   000002215826d468 00000000000003d8
0x000000ec14cff848:   000002215815e270 000002215826d1a0
0x000000ec14cff858:   00007ffaed1ec2ad 0000e4f58edd1317
0x000000ec14cff868:   00007ffaeced701e 000002215826d468
0x000000ec14cff878:   000002215826d1a0 0000000000000000
0x000000ec14cff888:   0000000000000000 0000022170d393f0
0x000000ec14cff898:   000002215815e648 0000022170d84e40
0x000000ec14cff8a8:   000002215815e270 000002215815e260
0x000000ec14cff8b8:   00007ffaed1f076d 000002215826d1a0
0x000000ec14cff8c8:   000002215815e260 000002215826d1a0
0x000000ec14cff8d8:   0000000000000007 00007ffaed579e10
0x000000ec14cff8e8:   000002215826d1a0 00007ffaed5162d8
0x000000ec14cff8f8:   000000ec14cff8e0 0000000000000000
0x000000ec14cff908:   000002215826d401 0000000000000001
0x000000ec14cff918:   000000ec14cff9c8 000000ec13ffee60
0x000000ec14cff928:   000002215826d1a0 000002217a3c7598
0x000000ec14cff938:   00007ffaed34983b 000002217a3c7488
0x000000ec14cff948:   00000000000000a8 0000022170d393f0
0x000000ec14cff958:   0000000000000000 0000000000000000
0x000000ec14cff968:   000002217070ee20 0000000000000000
0x000000ec14cff978:   000002217070ee20 0000022170944cb0 

Instructions: (pc=0x00007ffaecaeca30)
0x00007ffaecaec930:   a9 00 f0 00 00 75 43 0f b6 c2 24 30 3c 30 74 3a
0x00007ffaecaec940:   48 c1 e9 0c 48 8d 05 f5 b5 94 00 83 e1 0f 8b 0c
0x00007ffaecaec950:   88 48 8b 05 e0 f1 cd 00 48 d3 ea 48 c1 e8 15 48
0x00007ffaecaec960:   c1 ea 15 48 23 d0 48 8b 05 c3 f4 cd 00 48 8b 48
0x00007ffaecaec970:   60 48 8b 04 d1 48 85 c0 75 08 48 8b 05 b7 f4 cd
0x00007ffaecaec980:   00 c3 48 8b 05 a7 f4 cd 00 c3 cc cc cc cc cc cc
0x00007ffaecaec990:   8b 05 a2 c6 c2 00 c3 cc cc cc cc cc cc cc cc cc
0x00007ffaecaec9a0:   0f b6 05 b8 db c2 00 48 8b d1 84 c0 74 16 44 8b
0x00007ffaecaec9b0:   41 08 8b 0d 80 c6 c2 00 49 d3 e0 4c 03 05 6e c6
0x00007ffaecaec9c0:   c2 00 eb 04 4c 8b 41 08 45 8b 48 08 45 85 c9 7e
0x00007ffaecaec9d0:   0e 41 f6 c1 01 75 53 41 c1 f9 03 49 63 c1 c3 79
0x00007ffaecaec9e0:   49 84 c0 41 b8 0c 00 00 00 8b 05 b9 d7 c2 00 b9
0x00007ffaecaec9f0:   10 00 00 00 41 0f 45 c8 ff c8 4c 63 c0 41 8b c1
0x00007ffaecaeca00:   48 c1 f8 10 0f b6 c0 48 63 14 11 41 8b c9 83 e1
0x00007ffaecaeca10:   3f 48 d3 e2 49 8d 0c 10 49 f7 d0 48 03 c1 49 c1
0x00007ffaecaeca20:   e8 03 48 c1 e8 03 49 23 c0 c3 49 8b 00 49 8b c8
0x00007ffaecaeca30:   48 ff a0 00 01 00 00 cc cc cc cc cc cc cc cc cc
0x00007ffaecaeca40:   8b 44 24 30 45 03 c9 44 2b 4c 24 28 83 c0 0b 44
0x00007ffaecaeca50:   03 ca 45 03 c8 41 03 c1 c3 cc cc cc cc cc cc cc
0x00007ffaecaeca60:   4c 8b c2 48 8b d1 45 8b 48 08 45 85 c9 7e 0e 41
0x00007ffaecaeca70:   f6 c1 01 75 56 41 c1 f9 03 49 63 c1 c3 79 4c 80
0x00007ffaecaeca80:   3d d9 da c2 00 00 b8 0c 00 00 00 b9 10 00 00 00
0x00007ffaecaeca90:   0f 45 c8 8b 05 0f d7 c2 00 ff c8 4c 63 c0 41 8b
0x00007ffaecaecaa0:   c1 48 c1 f8 10 48 63 14 11 41 8b c9 83 e1 3f 0f
0x00007ffaecaecab0:   b6 c0 48 d3 e2 49 8d 0c 10 49 f7 d0 48 03 c1 49
0x00007ffaecaecac0:   c1 e8 03 48 c1 e8 03 49 23 c0 c3 49 8b 00 49 8b
0x00007ffaecaecad0:   c8 48 ff a0 00 01 00 00 cc cc cc cc cc cc cc cc
0x00007ffaecaecae0:   48 8b 41 08 0f b7 48 2c 0f b7 40 2a 83 c0 48 03
0x00007ffaecaecaf0:   c1 c3 cc cc cc cc cc cc cc cc cc cc cc cc cc cc
0x00007ffaecaecb00:   48 89 5c 24 08 57 48 83 ec 20 0f b6 05 6f dc cd
0x00007ffaecaecb10:   00 48 8b fa 48 8b d9 84 c0 74 4f 48 85 15 26 d4
0x00007ffaecaecb20:   cd 00 74 38 48 8b ca e8 04 98 8d 00 48 8b d0 48 


Stack slot to memory mapping:

stack at sp + 0 slots: 0x00007ffaed1c409e jvm.dll
stack at sp + 1 slots: 0x0000000081fe2520 is an oop: java.lang.String 
{0x0000000081fe2520} - klass: 'java/lang/String'
 - string: "ETH"
 - ---- fields (total size 3 words):
 - private 'hash' 'I' @12  0 (0x00000000)
 - private final 'coder' 'B' @16  0 (0x00)
 - private 'hashIsZero' 'Z' @17  false (0x00)
 - injected 'flags' 'B' @18  0 (0x00)
 - private final 'value' '[B' @20  [B{0x0000000081fe2538} (0x81fe2538)
stack at sp + 2 slots: 0x0000000081fa8414 is pointing into object: [Ljava.lang.Object; 
{0x0000000081fa8280} - klass: 'java/lang/Object'[]
 - length: 497
stack at sp + 3 slots: 0x000002210000eb10 is pointing into metadata
stack at sp + 4 slots: 0x00007ffaed1c215e jvm.dll
stack at sp + 5 slots: 0x0000000081bba3d8 is pointing into object: [Ljava.util.HashMap$Node; 
{0x0000000081bba3a0} - klass: 'java/util/HashMap$Node'[]
 - length: 16
stack at sp + 6 slots: 0x00007ffaed1ec0db jvm.dll
stack at sp + 7 slots: 0x0 is null


---------------  P R O C E S S  ---------------

Threads class SMR info:
_java_thread_list=0x0000022178ce0fe0, length=45, elements={
0x00000221581ac7c0, 0x000002215811d8b0, 0x000002215811fc10, 0x0000022158124450,
0x0000022158127140, 0x0000022158129bb0, 0x000002215812a610, 0x000002215812c9b0,
0x000002217042a340, 0x00000221705e4930, 0x0000022170630440, 0x0000022170d393f0,
0x0000022170ae6bf0, 0x0000022170501dc0, 0x0000022170b700e0, 0x00000221754bbac0,
0x000002217566c0a0, 0x00000221709ea890, 0x00000221758a5810, 0x00000221758a3dd0,
0x00000221758a4460, 0x00000221758a5ea0, 0x00000221758a5180, 0x00000221758a3740,
0x00000221781c2e60, 0x00000221781c2140, 0x00000221781c0700, 0x00000221781c27d0,
0x00000221781c0d90, 0x00000221781c1420, 0x00000221781c0070, 0x00000221781c1ab0,
0x00000221781c4f30, 0x00000221781c55c0, 0x00000221781c34f0, 0x00000221781c3b80,
0x00000221781c62e0, 0x00000221781c7690, 0x00000221781c4210, 0x00000221781c48a0,
0x00000221781c7000, 0x00000221781c5c50, 0x0000022177cc4af0, 0x0000022177cc6bc0,
0x00000221758a30b0
}

Java Threads: ( => current thread )
  0x00000221581ac7c0 JavaThread "main"                              [_thread_blocked, id=5304, stack(0x000000ec13c00000,0x000000ec13d00000) (1024K)]
  0x000002215811d8b0 JavaThread "Reference Handler"          daemon [_thread_blocked, id=16876, stack(0x000000ec14000000,0x000000ec14100000) (1024K)]
  0x000002215811fc10 JavaThread "Finalizer"                  daemon [_thread_blocked, id=13072, stack(0x000000ec14100000,0x000000ec14200000) (1024K)]
  0x0000022158124450 JavaThread "Signal Dispatcher"          daemon [_thread_blocked, id=8980, stack(0x000000ec14200000,0x000000ec14300000) (1024K)]
  0x0000022158127140 JavaThread "Attach Listener"            daemon [_thread_blocked, id=13420, stack(0x000000ec14300000,0x000000ec14400000) (1024K)]
  0x0000022158129bb0 JavaThread "Service Thread"             daemon [_thread_blocked, id=3016, stack(0x000000ec14400000,0x000000ec14500000) (1024K)]
  0x000002215812a610 JavaThread "Monitor Deflation Thread"   daemon [_thread_blocked, id=12748, stack(0x000000ec14500000,0x000000ec14600000) (1024K)]
  0x000002215812c9b0 JavaThread "C2 CompilerThread0"         daemon [_thread_blocked, id=5540, stack(0x000000ec14600000,0x000000ec14700000) (1024K)]
  0x000002217042a340 JavaThread "C1 CompilerThread0"         daemon [_thread_blocked, id=17608, stack(0x000000ec14700000,0x000000ec14800000) (1024K)]
  0x00000221705e4930 JavaThread "Common-Cleaner"             daemon [_thread_blocked, id=8304, stack(0x000000ec14800000,0x000000ec14900000) (1024K)]
  0x0000022170630440 JavaThread "Notification Thread"        daemon [_thread_blocked, id=4600, stack(0x000000ec14900000,0x000000ec14a00000) (1024K)]
  0x0000022170d393f0 JavaThread "Active Thread: Equinox Container: f9ea9c7a-c032-4ace-b12c-8079064e2d1c"        [_thread_blocked, id=11692, stack(0x000000ec15100000,0x000000ec15200000) (1024K)]
  0x0000022170ae6bf0 JavaThread "Refresh Thread: Equinox Container: f9ea9c7a-c032-4ace-b12c-8079064e2d1c" daemon [_thread_blocked, id=16016, stack(0x000000ec15200000,0x000000ec15300000) (1024K)]
  0x0000022170501dc0 JavaThread "Framework Event Dispatcher: Equinox Container: f9ea9c7a-c032-4ace-b12c-8079064e2d1c" daemon [_thread_blocked, id=14604, stack(0x000000ec15300000,0x000000ec15400000) (1024K)]
  0x0000022170b700e0 JavaThread "Start Level: Equinox Container: f9ea9c7a-c032-4ace-b12c-8079064e2d1c" daemon [_thread_blocked, id=17432, stack(0x000000ec15400000,0x000000ec15500000) (1024K)]
  0x00000221754bbac0 JavaThread "Bundle File Closer"         daemon [_thread_blocked, id=12840, stack(0x000000ec13a00000,0x000000ec13b00000) (1024K)]
  0x000002217566c0a0 JavaThread "SCR Component Actor"        daemon [_thread_blocked, id=11384, stack(0x000000ec15500000,0x000000ec15600000) (1024K)]
  0x00000221709ea890 JavaThread "Worker-JM"                         [_thread_blocked, id=17384, stack(0x000000ec15700000,0x000000ec15800000) (1024K)]
  0x00000221758a5810 JavaThread "JNA Cleaner"                daemon [_thread_blocked, id=14092, stack(0x000000ec15600000,0x000000ec15700000) (1024K)]
  0x00000221758a3dd0 JavaThread "Worker-0"                          [_thread_blocked, id=1404, stack(0x000000ec15800000,0x000000ec15900000) (1024K)]
  0x00000221758a4460 JavaThread "Java indexing"              daemon [_thread_blocked, id=17360, stack(0x000000ec15b00000,0x000000ec15c00000) (1024K)]
  0x00000221758a5ea0 JavaThread "Worker-2"                          [_thread_blocked, id=6652, stack(0x000000ec15c00000,0x000000ec15d00000) (1024K)]
  0x00000221758a5180 JavaThread "Worker-3"                          [_thread_blocked, id=7132, stack(0x000000ec15f00000,0x000000ec16000000) (1024K)]
  0x00000221758a3740 JavaThread "Thread-1"                   daemon [_thread_in_native, id=13364, stack(0x000000ec16200000,0x000000ec16300000) (1024K)]
  0x00000221781c2e60 JavaThread "Thread-2"                   daemon [_thread_in_native, id=15948, stack(0x000000ec16300000,0x000000ec16400000) (1024K)]
  0x00000221781c2140 JavaThread "Thread-3"                   daemon [_thread_in_native, id=15528, stack(0x000000ec16400000,0x000000ec16500000) (1024K)]
  0x00000221781c0700 JavaThread "Thread-4"                   daemon [_thread_in_native, id=4968, stack(0x000000ec16500000,0x000000ec16600000) (1024K)]
  0x00000221781c27d0 JavaThread "Thread-5"                   daemon [_thread_in_native, id=17456, stack(0x000000ec16600000,0x000000ec16700000) (1024K)]
  0x00000221781c0d90 JavaThread "Thread-6"                   daemon [_thread_in_native, id=12656, stack(0x000000ec16700000,0x000000ec16800000) (1024K)]
  0x00000221781c1420 JavaThread "Thread-7"                   daemon [_thread_in_native, id=17116, stack(0x000000ec16800000,0x000000ec16900000) (1024K)]
  0x00000221781c0070 JavaThread "Thread-8"                   daemon [_thread_in_native, id=12008, stack(0x000000ec16900000,0x000000ec16a00000) (1024K)]
  0x00000221781c1ab0 JavaThread "Thread-9"                   daemon [_thread_in_native, id=15068, stack(0x000000ec16a00000,0x000000ec16b00000) (1024K)]
  0x00000221781c4f30 JavaThread "pool-2-thread-1"                   [_thread_blocked, id=7364, stack(0x000000ec16b00000,0x000000ec16c00000) (1024K)]
  0x00000221781c55c0 JavaThread "WorkspaceEventsHandler"            [_thread_blocked, id=15892, stack(0x000000ec16d00000,0x000000ec16e00000) (1024K)]
  0x00000221781c34f0 JavaThread "pool-1-thread-1"                   [_thread_blocked, id=9160, stack(0x000000ec16e00000,0x000000ec16f00000) (1024K)]
  0x00000221781c3b80 JavaThread "ForkJoinPool.commonPool-worker-1" daemon [_thread_blocked, id=3404, stack(0x000000ec16f00000,0x000000ec17000000) (1024K)]
  0x00000221781c62e0 JavaThread "ForkJoinPool.commonPool-worker-2" daemon [_thread_blocked, id=980, stack(0x000000ec17000000,0x000000ec17100000) (1024K)]
  0x00000221781c7690 JavaThread "ForkJoinPool.commonPool-worker-3" daemon [_thread_blocked, id=11348, stack(0x000000ec17100000,0x000000ec17200000) (1024K)]
  0x00000221781c4210 JavaThread "ForkJoinPool.commonPool-worker-4" daemon [_thread_blocked, id=12932, stack(0x000000ec17200000,0x000000ec17300000) (1024K)]
  0x00000221781c48a0 JavaThread "ForkJoinPool.commonPool-worker-5" daemon [_thread_blocked, id=11980, stack(0x000000ec17300000,0x000000ec17400000) (1024K)]
  0x00000221781c7000 JavaThread "ForkJoinPool.commonPool-worker-6" daemon [_thread_blocked, id=4624, stack(0x000000ec17400000,0x000000ec17500000) (1024K)]
  0x00000221781c5c50 JavaThread "ForkJoinPool.commonPool-worker-7" daemon [_thread_blocked, id=18364, stack(0x000000ec17500000,0x000000ec17600000) (1024K)]
  0x0000022177cc4af0 JavaThread "Worker-5"                          [_thread_blocked, id=13476, stack(0x000000ec17700000,0x000000ec17800000) (1024K)]
  0x0000022177cc6bc0 JavaThread "Cleaner-0"                  daemon [_thread_blocked, id=3288, stack(0x000000ec13b00000,0x000000ec13c00000) (1024K)]
  0x00000221758a30b0 JavaThread "Worker-6"                          [_thread_blocked, id=5196, stack(0x000000ec13900000,0x000000ec13a00000) (1024K)]
Total: 45

Other Threads:
  0x000002215826ea40 VMThread "VM Thread"                           [id=6356, stack(0x000000ec13f00000,0x000000ec14000000) (1024K)]
  0x000002215803ca00 WatcherThread "VM Periodic Task Thread"        [id=10708, stack(0x000000ec13e00000,0x000000ec13f00000) (1024K)]
  0x00000221581ca230 WorkerThread "GC Thread#0"                     [id=15352, stack(0x000000ec13d00000,0x000000ec13e00000) (1024K)]
  0x000002217085c830 WorkerThread "GC Thread#1"                     [id=2728, stack(0x000000ec14b00000,0x000000ec14c00000) (1024K)]
=>0x0000022170944cb0 WorkerThread "GC Thread#2"                     [id=10248, stack(0x000000ec14c00000,0x000000ec14d00000) (1024K)]
  0x0000022170945060 WorkerThread "GC Thread#3"                     [id=7240, stack(0x000000ec14d00000,0x000000ec14e00000) (1024K)]
  0x00000221708e00b0 WorkerThread "GC Thread#4"                     [id=7460, stack(0x000000ec14e00000,0x000000ec14f00000) (1024K)]
  0x0000022170c1c540 WorkerThread "GC Thread#5"                     [id=8876, stack(0x000000ec14f00000,0x000000ec15000000) (1024K)]
  0x0000022170c1c8f0 WorkerThread "GC Thread#6"                     [id=13772, stack(0x000000ec15000000,0x000000ec15100000) (1024K)]
  0x000002215815bab0 WorkerThread "GC Thread#7"                     [id=15384, stack(0x000000ec14a00000,0x000000ec14b00000) (1024K)]
Total: 10

Threads with active compile tasks:
C2 CompilerThread0  205309 15622       4       org.eclipse.jdt.internal.compiler.classfmt.MethodInfo::decodeLocalVariableAttribute (158 bytes)
C1 CompilerThread0  205309 15621       3       org.eclipse.jdt.internal.core.ResolvedSourceMethod::<init> (16 bytes)
Total: 2

VM state: at safepoint (normal execution)

VM Mutex/Monitor currently owned by a thread:  ([mutex/lock_event])
[0x00007ffaed79e560] Threads_lock - owner thread: 0x000002215826ea40
[0x00007ffaed79e660] Heap_lock - owner thread: 0x000002217042a340

Heap address: 0x0000000080000000, size: 2048 MB, Compressed Oops mode: 32-bit

CDS archive(s) mapped at: [0x0000022100000000-0x0000022100ba0000-0x0000022100ba0000), size 12189696, SharedBaseAddress: 0x0000022100000000, ArchiveRelocationMode: 1.
Compressed class space mapped at: 0x0000022101000000-0x0000022141000000, reserved size: 1073741824
Narrow klass base: 0x0000022100000000, Narrow klass shift: 0, Narrow klass range: 0x100000000

GC Precious Log:
 CardTable entry size: 512
 CPUs: 8 total, 8 available
 Memory: 3955M
 Large Page Support: Disabled
 NUMA Support: Disabled
 Compressed Oops: Enabled (32-bit)
 Alignments: Space 512K, Generation 512K, Heap 2M
 Heap Min Capacity: 100M
 Heap Initial Capacity: 100M
 Heap Max Capacity: 2G
 Pre-touch: Disabled
 Parallel Workers: 8

Heap:
 PSYoungGen      total 6656K, used 270K [0x00000000d5580000, 0x00000000d5e00000, 0x0000000100000000)
  eden space 6144K, 0% used [0x00000000d5580000,0x00000000d5580000,0x00000000d5b80000)
  from space 512K, 52% used [0x00000000d5d80000,0x00000000d5dc3878,0x00000000d5e00000)
  to   space 512K, 0% used [0x00000000d5d00000,0x00000000d5d00000,0x00000000d5d80000)
 ParOldGen       total 147968K, used 147863K [0x0000000080000000, 0x0000000089080000, 0x00000000d5580000)
  object space 147968K, 99% used [0x0000000080000000,0x0000000089065ef0,0x0000000089080000)
 Metaspace       used 77979K, committed 79680K, reserved 1179648K
  class space    used 8115K, committed 8832K, reserved 1048576K

Card table byte_map: [0x0000022157b50000,0x0000022157f60000] _byte_map_base: 0x0000022157750000

Marking Bits: (ParMarkBitMap*) 0x00007ffaed7a3450
 Begin Bits: [0x000002216a660000, 0x000002216c660000)
 End Bits:   [0x000002216c660000, 0x000002216e660000)

Polling page: 0x0000022155fc0000

Metaspace:

Usage:
  Non-class:     68.23 MB used.
      Class:      7.93 MB used.
       Both:     76.15 MB used.

Virtual space:
  Non-class space:      128.00 MB reserved,      69.19 MB ( 54%) committed,  2 nodes.
      Class space:        1.00 GB reserved,       8.62 MB ( <1%) committed,  1 nodes.
             Both:        1.12 GB reserved,      77.81 MB (  7%) committed. 

Chunk freelists:
   Non-Class:  10.64 MB
       Class:  7.19 MB
        Both:  17.83 MB

MaxMetaspaceSize: unlimited
CompressedClassSpaceSize: 1.00 GB
Initial GC threshold: 21.00 MB
Current GC threshold: 97.31 MB
CDS: on
 - commit_granule_bytes: 65536.
 - commit_granule_words: 8192.
 - virtual_space_node_default_size: 8388608.
 - enlarge_chunks_in_place: 1.
 - use_allocation_guard: 0.


Internal statistics:

num_allocs_failed_limit: 9.
num_arena_births: 1454.
num_arena_deaths: 14.
num_vsnodes_births: 3.
num_vsnodes_deaths: 0.
num_space_committed: 1245.
num_space_uncommitted: 0.
num_chunks_returned_to_freelist: 23.
num_chunks_taken_from_freelist: 5103.
num_chunk_merges: 6.
num_chunk_splits: 3092.
num_chunks_enlarged: 1712.
num_inconsistent_stats: 0.

CodeHeap 'non-profiled nmethods': size=120000Kb used=11589Kb max_used=11589Kb free=108410Kb
 bounds [0x0000022162e80000, 0x00000221639e0000, 0x000002216a3b0000]
CodeHeap 'profiled nmethods': size=120000Kb used=36075Kb max_used=36075Kb free=83924Kb
 bounds [0x000002215b3b0000, 0x000002215d6f0000, 0x00000221628e0000]
CodeHeap 'non-nmethods': size=5760Kb used=1497Kb max_used=1639Kb free=4262Kb
 bounds [0x00000221628e0000, 0x0000022162b50000, 0x0000022162e80000]
CodeCache: size=245760Kb, used=49161Kb, max_used=49303Kb, free=196596Kb
 total_blobs=15596, nmethods=14778, adapters=721, full_count=0
Compilation: enabled, stopped_count=0, restarted_count=0

Compilation events (20 events):
Event: 205.111 Thread 0x000002217042a340 15612       3       java.util.concurrent.CompletableFuture$UniCompletion::<init> (20 bytes)
Event: 205.111 Thread 0x000002217042a340 nmethod 15612 0x000002215d6d2e10 code [0x000002215d6d2fc0, 0x000002215d6d3228]
Event: 205.112 Thread 0x000002217042a340 15613       3       java.util.concurrent.CompletableFuture::unipush (44 bytes)
Event: 205.113 Thread 0x000002217042a340 nmethod 15613 0x000002215d6d3310 code [0x000002215d6d3500, 0x000002215d6d3a10]
Event: 205.119 Thread 0x000002217042a340 15614       3       org.eclipse.core.internal.resources.Filter::filterExcludes (158 bytes)
Event: 205.122 Thread 0x000002217042a340 nmethod 15614 0x000002215d6d3b90 code [0x000002215d6d3e40, 0x000002215d6d4f68]
Event: 205.123 Thread 0x000002217042a340 15615       3       org.eclipse.jdt.internal.core.JavaElement::toStringWithAncestors (6 bytes)
Event: 205.123 Thread 0x000002217042a340 nmethod 15615 0x000002215d6d5510 code [0x000002215d6d56c0, 0x000002215d6d5888]
Event: 205.123 Thread 0x000002217042a340 15616       3       org.eclipse.jdt.internal.core.JavaElement::toStringWithAncestors (28 bytes)
Event: 205.124 Thread 0x000002217042a340 nmethod 15616 0x000002215d6d5990 code [0x000002215d6d5ba0, 0x000002215d6d60e0]
Event: 205.124 Thread 0x000002217042a340 15617       3       org.eclipse.jdt.internal.core.PackageFragmentRoot::toStringInfo (122 bytes)
Event: 205.126 Thread 0x000002217042a340 nmethod 15617 0x000002215d6d6290 code [0x000002215d6d6680, 0x000002215d6d7e90]
Event: 205.126 Thread 0x000002215812c9b0 15622       4       org.eclipse.jdt.internal.compiler.classfmt.MethodInfo::decodeLocalVariableAttribute (158 bytes)
Event: 205.126 Thread 0x000002217042a340 15620       3       org.eclipse.jdt.internal.core.PackageFragment::toStringInfo (62 bytes)
Event: 205.129 Thread 0x000002217042a340 nmethod 15620 0x000002215d6d8810 code [0x000002215d6d8ae0, 0x000002215d6d9758]
Event: 205.129 Thread 0x000002217042a340 15619       3       org.eclipse.jdt.core.JavaModelException::<init> (6 bytes)
Event: 205.129 Thread 0x000002217042a340 nmethod 15619 0x000002215d6d9c10 code [0x000002215d6d9de0, 0x000002215d6da0e8]
Event: 205.129 Thread 0x000002217042a340 15618   !   3       org.eclipse.jdt.internal.core.JavaModelStatus::getMessage (1709 bytes)
Event: 205.146 Thread 0x000002217042a340 nmethod 15618 0x000002215d6da290 code [0x000002215d6db480, 0x000002215d6e7390]
Event: 205.147 Thread 0x000002217042a340 15621       3       org.eclipse.jdt.internal.core.ResolvedSourceMethod::<init> (16 bytes)

GC Heap History (20 events):
Event: 196.053 GC heap after
{Heap after GC invocations=154 (full 3):
 PSYoungGen      total 8704K, used 1248K [0x00000000d5580000, 0x00000000d5f80000, 0x0000000100000000)
  eden space 7168K, 0% used [0x00000000d5580000,0x00000000d5580000,0x00000000d5c80000)
  from space 1536K, 81% used [0x00000000d5c80000,0x00000000d5db8010,0x00000000d5e00000)
  to   space 1536K, 0% used [0x00000000d5e00000,0x00000000d5e00000,0x00000000d5f80000)
 ParOldGen       total 140288K, used 140232K [0x0000000080000000, 0x0000000088900000, 0x00000000d5580000)
  object space 140288K, 99% used [0x0000000080000000,0x00000000888f23f8,0x0000000088900000)
 Metaspace       used 76570K, committed 78272K, reserved 1179648K
  class space    used 7935K, committed 8640K, reserved 1048576K
}
Event: 196.298 GC heap before
{Heap before GC invocations=155 (full 3):
 PSYoungGen      total 8704K, used 8416K [0x00000000d5580000, 0x00000000d5f80000, 0x0000000100000000)
  eden space 7168K, 100% used [0x00000000d5580000,0x00000000d5c80000,0x00000000d5c80000)
  from space 1536K, 81% used [0x00000000d5c80000,0x00000000d5db8010,0x00000000d5e00000)
  to   space 1536K, 0% used [0x00000000d5e00000,0x00000000d5e00000,0x00000000d5f80000)
 ParOldGen       total 140288K, used 140232K [0x0000000080000000, 0x0000000088900000, 0x00000000d5580000)
  object space 140288K, 99% used [0x0000000080000000,0x00000000888f23f8,0x0000000088900000)
 Metaspace       used 76887K, committed 78592K, reserved 1179648K
  class space    used 7990K, committed 8704K, reserved 1048576K
}
Event: 196.306 GC heap after
{Heap after GC invocations=155 (full 3):
 PSYoungGen      total 8704K, used 901K [0x00000000d5580000, 0x00000000d5f80000, 0x0000000100000000)
  eden space 7168K, 0% used [0x00000000d5580000,0x00000000d5580000,0x00000000d5c80000)
  from space 1536K, 58% used [0x00000000d5e00000,0x00000000d5ee16c8,0x00000000d5f80000)
  to   space 1536K, 0% used [0x00000000d5c80000,0x00000000d5c80000,0x00000000d5e00000)
 ParOldGen       total 141312K, used 141145K [0x0000000080000000, 0x0000000088a00000, 0x00000000d5580000)
  object space 141312K, 99% used [0x0000000080000000,0x00000000889d6418,0x0000000088a00000)
 Metaspace       used 76887K, committed 78592K, reserved 1179648K
  class space    used 7990K, committed 8704K, reserved 1048576K
}
Event: 196.638 GC heap before
{Heap before GC invocations=156 (full 3):
 PSYoungGen      total 8704K, used 8069K [0x00000000d5580000, 0x00000000d5f80000, 0x0000000100000000)
  eden space 7168K, 100% used [0x00000000d5580000,0x00000000d5c80000,0x00000000d5c80000)
  from space 1536K, 58% used [0x00000000d5e00000,0x00000000d5ee16c8,0x00000000d5f80000)
  to   space 1536K, 0% used [0x00000000d5c80000,0x00000000d5c80000,0x00000000d5e00000)
 ParOldGen       total 141312K, used 141145K [0x0000000080000000, 0x0000000088a00000, 0x00000000d5580000)
  object space 141312K, 99% used [0x0000000080000000,0x00000000889d6418,0x0000000088a00000)
 Metaspace       used 77818K, committed 79488K, reserved 1179648K
  class space    used 8112K, committed 8832K, reserved 1048576K
}
Event: 196.642 GC heap after
{Heap after GC invocations=156 (full 3):
 PSYoungGen      total 7680K, used 492K [0x00000000d5580000, 0x00000000d5e80000, 0x0000000100000000)
  eden space 7168K, 0% used [0x00000000d5580000,0x00000000d5580000,0x00000000d5c80000)
  from space 512K, 96% used [0x00000000d5c80000,0x00000000d5cfb078,0x00000000d5d00000)
  to   space 1024K, 0% used [0x00000000d5d80000,0x00000000d5d80000,0x00000000d5e80000)
 ParOldGen       total 142336K, used 141894K [0x0000000080000000, 0x0000000088b00000, 0x00000000d5580000)
  object space 142336K, 99% used [0x0000000080000000,0x0000000088a91bd0,0x0000000088b00000)
 Metaspace       used 77818K, committed 79488K, reserved 1179648K
  class space    used 8112K, committed 8832K, reserved 1048576K
}
Event: 197.438 GC heap before
{Heap before GC invocations=157 (full 3):
 PSYoungGen      total 7680K, used 7660K [0x00000000d5580000, 0x00000000d5e80000, 0x0000000100000000)
  eden space 7168K, 100% used [0x00000000d5580000,0x00000000d5c80000,0x00000000d5c80000)
  from space 512K, 96% used [0x00000000d5c80000,0x00000000d5cfb078,0x00000000d5d00000)
  to   space 1024K, 0% used [0x00000000d5d80000,0x00000000d5d80000,0x00000000d5e80000)
 ParOldGen       total 142336K, used 141894K [0x0000000080000000, 0x0000000088b00000, 0x00000000d5580000)
  object space 142336K, 99% used [0x0000000080000000,0x0000000088a91bd0,0x0000000088b00000)
 Metaspace       used 77875K, committed 79552K, reserved 1179648K
  class space    used 8115K, committed 8832K, reserved 1048576K
}
Event: 197.440 GC heap after
{Heap after GC invocations=157 (full 3):
 PSYoungGen      total 8192K, used 730K [0x00000000d5580000, 0x00000000d5e80000, 0x0000000100000000)
  eden space 7168K, 0% used [0x00000000d5580000,0x00000000d5580000,0x00000000d5c80000)
  from space 1024K, 71% used [0x00000000d5d80000,0x00000000d5e36900,0x00000000d5e80000)
  to   space 1024K, 0% used [0x00000000d5c80000,0x00000000d5c80000,0x00000000d5d80000)
 ParOldGen       total 142336K, used 142086K [0x0000000080000000, 0x0000000088b00000, 0x00000000d5580000)
  object space 142336K, 99% used [0x0000000080000000,0x0000000088ac1bd0,0x0000000088b00000)
 Metaspace       used 77875K, committed 79552K, reserved 1179648K
  class space    used 8115K, committed 8832K, reserved 1048576K
}
Event: 197.491 GC heap before
{Heap before GC invocations=158 (full 3):
 PSYoungGen      total 8192K, used 7898K [0x00000000d5580000, 0x00000000d5e80000, 0x0000000100000000)
  eden space 7168K, 100% used [0x00000000d5580000,0x00000000d5c80000,0x00000000d5c80000)
  from space 1024K, 71% used [0x00000000d5d80000,0x00000000d5e36900,0x00000000d5e80000)
  to   space 1024K, 0% used [0x00000000d5c80000,0x00000000d5c80000,0x00000000d5d80000)
 ParOldGen       total 142336K, used 142086K [0x0000000080000000, 0x0000000088b00000, 0x00000000d5580000)
  object space 142336K, 99% used [0x0000000080000000,0x0000000088ac1bd0,0x0000000088b00000)
 Metaspace       used 77888K, committed 79552K, reserved 1179648K
  class space    used 8115K, committed 8832K, reserved 1048576K
}
Event: 197.495 GC heap after
{Heap after GC invocations=158 (full 3):
 PSYoungGen      total 8192K, used 1024K [0x00000000d5580000, 0x00000000d6180000, 0x0000000100000000)
  eden space 7168K, 0% used [0x00000000d5580000,0x00000000d5580000,0x00000000d5c80000)
  from space 1024K, 100% used [0x00000000d5c80000,0x00000000d5d80000,0x00000000d5d80000)
  to   space 2560K, 0% used [0x00000000d5f00000,0x00000000d5f00000,0x00000000d6180000)
 ParOldGen       total 143360K, used 142985K [0x0000000080000000, 0x0000000088c00000, 0x00000000d5580000)
  object space 143360K, 99% used [0x0000000080000000,0x0000000088ba2660,0x0000000088c00000)
 Metaspace       used 77888K, committed 79552K, reserved 1179648K
  class space    used 8115K, committed 8832K, reserved 1048576K
}
Event: 197.562 GC heap before
{Heap before GC invocations=159 (full 3):
 PSYoungGen      total 8192K, used 8192K [0x00000000d5580000, 0x00000000d6180000, 0x0000000100000000)
  eden space 7168K, 100% used [0x00000000d5580000,0x00000000d5c80000,0x00000000d5c80000)
  from space 1024K, 100% used [0x00000000d5c80000,0x00000000d5d80000,0x00000000d5d80000)
  to   space 2560K, 0% used [0x00000000d5f00000,0x00000000d5f00000,0x00000000d6180000)
 ParOldGen       total 143360K, used 142985K [0x0000000080000000, 0x0000000088c00000, 0x00000000d5580000)
  object space 143360K, 99% used [0x0000000080000000,0x0000000088ba2660,0x0000000088c00000)
 Metaspace       used 77911K, committed 79616K, reserved 1179648K
  class space    used 8115K, committed 8832K, reserved 1048576K
}
Event: 197.567 GC heap after
{Heap after GC invocations=159 (full 3):
 PSYoungGen      total 8704K, used 1252K [0x00000000d5580000, 0x00000000d6080000, 0x0000000100000000)
  eden space 7168K, 0% used [0x00000000d5580000,0x00000000d5580000,0x00000000d5c80000)
  from space 1536K, 81% used [0x00000000d5f00000,0x00000000d6039210,0x00000000d6080000)
  to   space 1536K, 0% used [0x00000000d5d80000,0x00000000d5d80000,0x00000000d5f00000)
 ParOldGen       total 144384K, used 143969K [0x0000000080000000, 0x0000000088d00000, 0x00000000d5580000)
  object space 144384K, 99% used [0x0000000080000000,0x0000000088c98660,0x0000000088d00000)
 Metaspace       used 77911K, committed 79616K, reserved 1179648K
  class space    used 8115K, committed 8832K, reserved 1048576K
}
Event: 197.589 GC heap before
{Heap before GC invocations=160 (full 3):
 PSYoungGen      total 8704K, used 8420K [0x00000000d5580000, 0x00000000d6080000, 0x0000000100000000)
  eden space 7168K, 100% used [0x00000000d5580000,0x00000000d5c80000,0x00000000d5c80000)
  from space 1536K, 81% used [0x00000000d5f00000,0x00000000d6039210,0x00000000d6080000)
  to   space 1536K, 0% used [0x00000000d5d80000,0x00000000d5d80000,0x00000000d5f00000)
 ParOldGen       total 144384K, used 143969K [0x0000000080000000, 0x0000000088d00000, 0x00000000d5580000)
  object space 144384K, 99% used [0x0000000080000000,0x0000000088c98660,0x0000000088d00000)
 Metaspace       used 77919K, committed 79616K, reserved 1179648K
  class space    used 8115K, committed 8832K, reserved 1048576K
}
Event: 197.593 GC heap after
{Heap after GC invocations=160 (full 3):
 PSYoungGen      total 8192K, used 688K [0x00000000d5580000, 0x00000000d5f80000, 0x0000000100000000)
  eden space 7168K, 0% used [0x00000000d5580000,0x00000000d5580000,0x00000000d5c80000)
  from space 1024K, 67% used [0x00000000d5d80000,0x00000000d5e2c010,0x00000000d5e80000)
  to   space 1024K, 0% used [0x00000000d5e80000,0x00000000d5e80000,0x00000000d5f80000)
 ParOldGen       total 145408K, used 145072K [0x0000000080000000, 0x0000000088e00000, 0x00000000d5580000)
  object space 145408K, 99% used [0x0000000080000000,0x0000000088dac280,0x0000000088e00000)
 Metaspace       used 77919K, committed 79616K, reserved 1179648K
  class space    used 8115K, committed 8832K, reserved 1048576K
}
Event: 197.655 GC heap before
{Heap before GC invocations=161 (full 3):
 PSYoungGen      total 8192K, used 7856K [0x00000000d5580000, 0x00000000d5f80000, 0x0000000100000000)
  eden space 7168K, 100% used [0x00000000d5580000,0x00000000d5c80000,0x00000000d5c80000)
  from space 1024K, 67% used [0x00000000d5d80000,0x00000000d5e2c010,0x00000000d5e80000)
  to   space 1024K, 0% used [0x00000000d5e80000,0x00000000d5e80000,0x00000000d5f80000)
 ParOldGen       total 145408K, used 145072K [0x0000000080000000, 0x0000000088e00000, 0x00000000d5580000)
  object space 145408K, 99% used [0x0000000080000000,0x0000000088dac280,0x0000000088e00000)
 Metaspace       used 77928K, committed 79616K, reserved 1179648K
  class space    used 8115K, committed 8832K, reserved 1048576K
}
Event: 197.659 GC heap after
{Heap after GC invocations=161 (full 3):
 PSYoungGen      total 7168K, used 1024K [0x00000000d5580000, 0x00000000d6280000, 0x0000000100000000)
  eden space 6144K, 0% used [0x00000000d5580000,0x00000000d5580000,0x00000000d5b80000)
  from space 1024K, 100% used [0x00000000d5e80000,0x00000000d5f80000,0x00000000d5f80000)
  to   space 3072K, 0% used [0x00000000d5b80000,0x00000000d5b80000,0x00000000d5e80000)
 ParOldGen       total 146432K, used 146391K [0x0000000080000000, 0x0000000088f00000, 0x00000000d5580000)
  object space 146432K, 99% used [0x0000000080000000,0x0000000088ef5ee0,0x0000000088f00000)
 Metaspace       used 77928K, committed 79616K, reserved 1179648K
  class space    used 8115K, committed 8832K, reserved 1048576K
}
Event: 198.049 GC heap before
{Heap before GC invocations=162 (full 3):
 PSYoungGen      total 7168K, used 7168K [0x00000000d5580000, 0x00000000d6280000, 0x0000000100000000)
  eden space 6144K, 100% used [0x00000000d5580000,0x00000000d5b80000,0x00000000d5b80000)
  from space 1024K, 100% used [0x00000000d5e80000,0x00000000d5f80000,0x00000000d5f80000)
  to   space 3072K, 0% used [0x00000000d5b80000,0x00000000d5b80000,0x00000000d5e80000)
 ParOldGen       total 146432K, used 146391K [0x0000000080000000, 0x0000000088f00000, 0x00000000d5580000)
  object space 146432K, 99% used [0x0000000080000000,0x0000000088ef5ee0,0x0000000088f00000)
 Metaspace       used 77958K, committed 79616K, reserved 1179648K
  class space    used 8115K, committed 8832K, reserved 1048576K
}
Event: 198.054 GC heap after
{Heap after GC invocations=162 (full 3):
 PSYoungGen      total 7168K, used 576K [0x00000000d5580000, 0x00000000d5f00000, 0x0000000100000000)
  eden space 6144K, 0% used [0x00000000d5580000,0x00000000d5580000,0x00000000d5b80000)
  from space 1024K, 56% used [0x00000000d5b80000,0x00000000d5c10000,0x00000000d5c80000)
  to   space 1536K, 0% used [0x00000000d5d80000,0x00000000d5d80000,0x00000000d5f00000)
 ParOldGen       total 147456K, used 147415K [0x0000000080000000, 0x0000000089000000, 0x00000000d5580000)
  object space 147456K, 99% used [0x0000000080000000,0x0000000088ff5ef0,0x0000000089000000)
 Metaspace       used 77958K, committed 79616K, reserved 1179648K
  class space    used 8115K, committed 8832K, reserved 1048576K
}
Event: 205.148 GC heap before
{Heap before GC invocations=163 (full 3):
 PSYoungGen      total 7168K, used 4220K [0x00000000d5580000, 0x00000000d5f00000, 0x0000000100000000)
  eden space 6144K, 59% used [0x00000000d5580000,0x00000000d590f0e8,0x00000000d5b80000)
  from space 1024K, 56% used [0x00000000d5b80000,0x00000000d5c10000,0x00000000d5c80000)
  to   space 1536K, 0% used [0x00000000d5d80000,0x00000000d5d80000,0x00000000d5f00000)
 ParOldGen       total 147456K, used 147415K [0x0000000080000000, 0x0000000089000000, 0x00000000d5580000)
  object space 147456K, 99% used [0x0000000080000000,0x0000000088ff5ef0,0x0000000089000000)
 Metaspace       used 77979K, committed 79680K, reserved 1179648K
  class space    used 8115K, committed 8832K, reserved 1048576K
}
Event: 205.151 GC heap after
{Heap after GC invocations=163 (full 3):
 PSYoungGen      total 6656K, used 270K [0x00000000d5580000, 0x00000000d5e00000, 0x0000000100000000)
  eden space 6144K, 0% used [0x00000000d5580000,0x00000000d5580000,0x00000000d5b80000)
  from space 512K, 52% used [0x00000000d5d80000,0x00000000d5dc3878,0x00000000d5e00000)
  to   space 512K, 0% used [0x00000000d5d00000,0x00000000d5d00000,0x00000000d5d80000)
 ParOldGen       total 147968K, used 147863K [0x0000000080000000, 0x0000000089080000, 0x00000000d5580000)
  object space 147968K, 99% used [0x0000000080000000,0x0000000089065ef0,0x0000000089080000)
 Metaspace       used 77979K, committed 79680K, reserved 1179648K
  class space    used 8115K, committed 8832K, reserved 1048576K
}
Event: 205.151 GC heap before
{Heap before GC invocations=164 (full 4):
 PSYoungGen      total 6656K, used 270K [0x00000000d5580000, 0x00000000d5e00000, 0x0000000100000000)
  eden space 6144K, 0% used [0x00000000d5580000,0x00000000d5580000,0x00000000d5b80000)
  from space 512K, 52% used [0x00000000d5d80000,0x00000000d5dc3878,0x00000000d5e00000)
  to   space 512K, 0% used [0x00000000d5d00000,0x00000000d5d00000,0x00000000d5d80000)
 ParOldGen       total 147968K, used 147863K [0x0000000080000000, 0x0000000089080000, 0x00000000d5580000)
  object space 147968K, 99% used [0x0000000080000000,0x0000000089065ef0,0x0000000089080000)
 Metaspace       used 77979K, committed 79680K, reserved 1179648K
  class space    used 8115K, committed 8832K, reserved 1048576K
}

Dll operation events (12 events):
Event: 0.037 Loaded shared library c:\Users\mkhan\.vscode\extensions\redhat.java-1.54.0-win32-x64\jre\21.0.10-win32-x86_64\bin\java.dll
Event: 0.511 Loaded shared library c:\Users\mkhan\.vscode\extensions\redhat.java-1.54.0-win32-x64\jre\21.0.10-win32-x86_64\bin\zip.dll
Event: 1.363 Loaded shared library C:\Users\mkhan\.vscode\extensions\redhat.java-1.54.0-win32-x64\jre\21.0.10-win32-x86_64\bin\instrument.dll
Event: 1.395 Loaded shared library C:\Users\mkhan\.vscode\extensions\redhat.java-1.54.0-win32-x64\jre\21.0.10-win32-x86_64\bin\net.dll
Event: 1.404 Loaded shared library C:\Users\mkhan\.vscode\extensions\redhat.java-1.54.0-win32-x64\jre\21.0.10-win32-x86_64\bin\nio.dll
Event: 1.423 Loaded shared library C:\Users\mkhan\.vscode\extensions\redhat.java-1.54.0-win32-x64\jre\21.0.10-win32-x86_64\bin\zip.dll
Event: 1.539 Loaded shared library C:\Users\mkhan\.vscode\extensions\redhat.java-1.54.0-win32-x64\jre\21.0.10-win32-x86_64\bin\jimage.dll
Event: 1.853 Loaded shared library c:\Users\mkhan\.vscode\extensions\redhat.java-1.54.0-win32-x64\jre\21.0.10-win32-x86_64\bin\verify.dll
Event: 23.541 Loaded shared library C:\Users\mkhan\AppData\Roaming\Code\User\globalStorage\redhat.java\1.54.0\config_win\org.eclipse.equinox.launcher\org.eclipse.equinox.launcher.win32.win32.x86_64_1.3.0.v20260203-2149\eclipse_11919.dll
Event: 47.247 Loaded shared library C:\Users\mkhan\AppData\Local\Temp\jna-103954487\jna17878855359129985832.dll
Event: 50.073 Loaded shared library C:\Users\mkhan\.vscode\extensions\redhat.java-1.54.0-win32-x64\jre\21.0.10-win32-x86_64\bin\sunmscapi.dll
Event: 50.722 Loaded shared library C:\Users\mkhan\.vscode\extensions\redhat.java-1.54.0-win32-x64\jre\21.0.10-win32-x86_64\bin\extnet.dll

Deoptimization events (20 events):
Event: 197.604 Thread 0x00000221758a5ea0 Uncommon trap: trap_request=0xffffffd6 fr.pc=0x000002216399b090 relative=0x0000000000001450
Event: 197.604 Thread 0x00000221758a5ea0 Uncommon trap: reason=array_check action=maybe_recompile pc=0x000002216399b090 method=java.util.TimSort.reverseRange([Ljava/lang/Object;II)V @ 20 c2
Event: 197.604 Thread 0x00000221758a5ea0 DEOPT PACKING pc=0x000002216399b090 sp=0x000000ec15cfe0c0
Event: 197.604 Thread 0x00000221758a5ea0 DEOPT UNPACKING pc=0x0000022162933aa2 sp=0x000000ec15cfdf68 mode 2
Event: 197.615 Thread 0x00000221758a5ea0 Uncommon trap: trap_request=0xffffffd6 fr.pc=0x000002216399b090 relative=0x0000000000001450
Event: 197.615 Thread 0x00000221758a5ea0 Uncommon trap: reason=array_check action=maybe_recompile pc=0x000002216399b090 method=java.util.TimSort.reverseRange([Ljava/lang/Object;II)V @ 20 c2
Event: 197.615 Thread 0x00000221758a5ea0 DEOPT PACKING pc=0x000002216399b090 sp=0x000000ec15cfe270
Event: 197.615 Thread 0x00000221758a5ea0 DEOPT UNPACKING pc=0x0000022162933aa2 sp=0x000000ec15cfe118 mode 2
Event: 197.644 Thread 0x00000221758a5ea0 Uncommon trap: trap_request=0xffffffd6 fr.pc=0x000002216399b090 relative=0x0000000000001450
Event: 197.644 Thread 0x00000221758a5ea0 Uncommon trap: reason=array_check action=maybe_recompile pc=0x000002216399b090 method=java.util.TimSort.reverseRange([Ljava/lang/Object;II)V @ 20 c2
Event: 197.644 Thread 0x00000221758a5ea0 DEOPT PACKING pc=0x000002216399b090 sp=0x000000ec15cfded0
Event: 197.644 Thread 0x00000221758a5ea0 DEOPT UNPACKING pc=0x0000022162933aa2 sp=0x000000ec15cfdd78 mode 2
Event: 197.644 Thread 0x00000221758a5ea0 Uncommon trap: trap_request=0xffffffd6 fr.pc=0x000002216399b090 relative=0x0000000000001450
Event: 197.644 Thread 0x00000221758a5ea0 Uncommon trap: reason=array_check action=maybe_recompile pc=0x000002216399b090 method=java.util.TimSort.reverseRange([Ljava/lang/Object;II)V @ 20 c2
Event: 197.644 Thread 0x00000221758a5ea0 DEOPT PACKING pc=0x000002216399b090 sp=0x000000ec15cfded0
Event: 197.644 Thread 0x00000221758a5ea0 DEOPT UNPACKING pc=0x0000022162933aa2 sp=0x000000ec15cfdd78 mode 2
Event: 198.062 Thread 0x00000221781c7000 Uncommon trap: trap_request=0xffffffde fr.pc=0x0000022163222198 relative=0x0000000000000078
Event: 198.062 Thread 0x00000221781c7000 Uncommon trap: reason=class_check action=maybe_recompile pc=0x0000022163222198 method=java.util.LinkedHashMap.afterNodeInsertion(Z)V @ 15 c2
Event: 198.063 Thread 0x00000221781c7000 DEOPT PACKING pc=0x0000022163222198 sp=0x000000ec174fe850
Event: 198.063 Thread 0x00000221781c7000 DEOPT UNPACKING pc=0x0000022162933aa2 sp=0x000000ec174fe7c8 mode 2

Classes loaded (20 events):
Event: 73.750 Loading class java/util/stream/ReduceOps$1
Event: 73.750 Loading class java/util/stream/ReduceOps$1 done
Event: 73.751 Loading class java/util/stream/ReduceOps$1ReducingSink
Event: 73.751 Loading class java/util/stream/ReduceOps$1ReducingSink done
Event: 145.980 Loading class java/lang/UnsupportedClassVersionError
Event: 145.981 Loading class java/lang/UnsupportedClassVersionError done
Event: 147.949 Loading class javax/xml/transform/TransformerConfigurationException
Event: 147.950 Loading class javax/xml/transform/TransformerConfigurationException done
Event: 148.353 Loading class java/util/LinkedList$LLSpliterator
Event: 148.353 Loading class java/util/LinkedList$LLSpliterator done
Event: 148.441 Loading class jdk/internal/ref/CleanerImpl$InnocuousThreadFactory
Event: 148.442 Loading class jdk/internal/ref/CleanerImpl$InnocuousThreadFactory done
Event: 158.070 Loading class java/util/concurrent/ConcurrentHashMap$TreeNode
Event: 158.071 Loading class java/util/concurrent/ConcurrentHashMap$TreeNode done
Event: 158.071 Loading class java/util/concurrent/ConcurrentHashMap$TreeBin
Event: 158.071 Loading class java/util/concurrent/ConcurrentHashMap$TreeBin done
Event: 189.032 Loading class java/util/function/IntPredicate
Event: 189.032 Loading class java/util/function/IntPredicate done
Event: 189.065 Loading class java/util/regex/Pattern$Bound
Event: 189.065 Loading class java/util/regex/Pattern$Bound done

Classes unloaded (7 events):
Event: 48.232 Thread 0x000002215826ea40 Unloading class 0x00000221011a9400 'java/lang/invoke/LambdaForm$MH+0x00000221011a9400'
Event: 48.232 Thread 0x000002215826ea40 Unloading class 0x00000221011a9000 'java/lang/invoke/LambdaForm$MH+0x00000221011a9000'
Event: 48.232 Thread 0x000002215826ea40 Unloading class 0x00000221011a8c00 'java/lang/invoke/LambdaForm$MH+0x00000221011a8c00'
Event: 48.232 Thread 0x000002215826ea40 Unloading class 0x00000221011a8800 'java/lang/invoke/LambdaForm$MH+0x00000221011a8800'
Event: 48.232 Thread 0x000002215826ea40 Unloading class 0x00000221011a8400 'java/lang/invoke/LambdaForm$BMH+0x00000221011a8400'
Event: 48.232 Thread 0x000002215826ea40 Unloading class 0x00000221011a8000 'java/lang/invoke/LambdaForm$DMH+0x00000221011a8000'
Event: 48.232 Thread 0x000002215826ea40 Unloading class 0x00000221011a6c00 'java/lang/invoke/LambdaForm$DMH+0x00000221011a6c00'

Classes redefined (0 events):
No events

Internal exceptions (20 events):
Event: 157.811 Thread 0x00000221781c62e0 Implicit null exception at 0x000002215ca5029b to 0x000002215ca53b23
Event: 157.811 Thread 0x00000221781c62e0 Exception <a 'java/lang/NullPointerException'{0x00000000d59d7250}> (0x00000000d59d7250) 
thrown [s\src\hotspot\share\runtime\sharedRuntime.cpp, line 625]
Event: 157.812 Thread 0x00000221781c62e0 Implicit null exception at 0x000002215ca5029b to 0x000002215ca53b23
Event: 157.812 Thread 0x00000221781c62e0 Exception <a 'java/lang/NullPointerException'{0x00000000d59f00f0}> (0x00000000d59f00f0) 
thrown [s\src\hotspot\share\runtime\sharedRuntime.cpp, line 625]
Event: 157.812 Thread 0x00000221781c62e0 Implicit null exception at 0x000002215ca5029b to 0x000002215ca53b23
Event: 157.812 Thread 0x00000221781c62e0 Exception <a 'java/lang/NullPointerException'{0x00000000d59f0c58}> (0x00000000d59f0c58) 
thrown [s\src\hotspot\share\runtime\sharedRuntime.cpp, line 625]
Event: 157.812 Thread 0x00000221781c62e0 Implicit null exception at 0x000002215ca5029b to 0x000002215ca53b23
Event: 157.812 Thread 0x00000221781c62e0 Exception <a 'java/lang/NullPointerException'{0x00000000d59f1828}> (0x00000000d59f1828) 
thrown [s\src\hotspot\share\runtime\sharedRuntime.cpp, line 625]
Event: 157.888 Thread 0x00000221781c62e0 Implicit null exception at 0x000002215ca5029b to 0x000002215ca53b23
Event: 157.889 Thread 0x00000221781c62e0 Exception <a 'java/lang/NullPointerException'{0x00000000d56c5828}> (0x00000000d56c5828) 
thrown [s\src\hotspot\share\runtime\sharedRuntime.cpp, line 625]
Event: 157.889 Thread 0x00000221781c62e0 Implicit null exception at 0x000002215ca5029b to 0x000002215ca53b23
Event: 157.889 Thread 0x00000221781c62e0 Exception <a 'java/lang/NullPointerException'{0x00000000d56c78f0}> (0x00000000d56c78f0) 
thrown [s\src\hotspot\share\runtime\sharedRuntime.cpp, line 625]
Event: 157.889 Thread 0x00000221781c62e0 Implicit null exception at 0x000002215ca5029b to 0x000002215ca53b23
Event: 157.889 Thread 0x00000221781c62e0 Exception <a 'java/lang/NullPointerException'{0x00000000d56c8458}> (0x00000000d56c8458) 
thrown [s\src\hotspot\share\runtime\sharedRuntime.cpp, line 625]
Event: 157.889 Thread 0x00000221781c62e0 Implicit null exception at 0x000002215ca5029b to 0x000002215ca53b23
Event: 157.889 Thread 0x00000221781c62e0 Exception <a 'java/lang/NullPointerException'{0x00000000d56c9028}> (0x00000000d56c9028) 
thrown [s\src\hotspot\share\runtime\sharedRuntime.cpp, line 625]
Event: 188.564 Thread 0x00000221781c34f0 Exception <a 'java/lang/IncompatibleClassChangeError'{0x00000000d56af928}: Found class java.lang.Object, but interface was expected> (0x00000000d56af928) 
thrown [s\src\hotspot\share\interpreter\linkResolver.cpp, line 840]
Event: 188.885 Thread 0x00000221781c3b80 Exception <a 'java/lang/NoSuchMethodError'{0x00000000d57743b8}: 'java.lang.Object java.lang.invoke.DirectMethodHandle$Holder.invokeStatic(java.lang.Object, int, java.lang.Object)'> (0x00000000d57743b8) 
thrown [s\src\hotspot\share\interpreter\linkResolver.cpp, line 773]
Event: 189.033 Thread 0x00000221781c3b80 Exception <a 'java/lang/NoSuchMethodError'{0x00000000d5ae1488}: 'int java.lang.invoke.DirectMethodHandle$Holder.invokeStaticInit(java.lang.Object, int)'> (0x00000000d5ae1488) 
thrown [s\src\hotspot\share\interpreter\linkResolver.cpp, line 773]
Event: 196.119 Thread 0x00000221781c7690 Exception <a 'java/lang/NoSuchMethodError'{0x00000000d561e560}: 'void java.lang.invoke.DirectMethodHandle$Holder.invokeStatic(java.lang.Object, int, java.lang.Object)'> (0x00000000d561e560) 
thrown [s\src\hotspot\share\interpreter\linkResolver.cpp, line 773]

ZGC Phase Switch (0 events):
No events

VM Operations (20 events):
Event: 196.461 Executing non-safepoint VM operation: HandshakeAllThreads (Deoptimize) done
Event: 196.638 Executing safepoint VM operation: ParallelGCFailedAllocation (Allocation Failure)
Event: 196.642 Executing safepoint VM operation: ParallelGCFailedAllocation (Allocation Failure) done
Event: 197.438 Executing safepoint VM operation: ParallelGCFailedAllocation (Allocation Failure)
Event: 197.440 Executing safepoint VM operation: ParallelGCFailedAllocation (Allocation Failure) done
Event: 197.491 Executing safepoint VM operation: ParallelGCFailedAllocation (Allocation Failure)
Event: 197.495 Executing safepoint VM operation: ParallelGCFailedAllocation (Allocation Failure) done
Event: 197.562 Executing safepoint VM operation: ParallelGCFailedAllocation (Allocation Failure)
Event: 197.567 Executing safepoint VM operation: ParallelGCFailedAllocation (Allocation Failure) done
Event: 197.589 Executing safepoint VM operation: ParallelGCFailedAllocation (Allocation Failure)
Event: 197.593 Executing safepoint VM operation: ParallelGCFailedAllocation (Allocation Failure) done
Event: 197.655 Executing safepoint VM operation: ParallelGCFailedAllocation (Allocation Failure)
Event: 197.659 Executing safepoint VM operation: ParallelGCFailedAllocation (Allocation Failure) done
Event: 198.049 Executing safepoint VM operation: ParallelGCFailedAllocation (Allocation Failure)
Event: 198.054 Executing safepoint VM operation: ParallelGCFailedAllocation (Allocation Failure) done
Event: 199.056 Executing safepoint VM operation: Cleanup
Event: 199.056 Executing safepoint VM operation: Cleanup done
Event: 205.117 Executing safepoint VM operation: Cleanup
Event: 205.117 Executing safepoint VM operation: Cleanup done
Event: 205.148 Executing safepoint VM operation: ParallelGCSystemGC (CodeCache GC Threshold)

Memory protections (0 events):
No events

Nmethod flushes (20 events):
Event: 59.015 Thread 0x000002215826ea40 flushing  nmethod 0x000002215bc19090
Event: 59.015 Thread 0x000002215826ea40 flushing osr nmethod 0x000002215bc75790
Event: 59.015 Thread 0x000002215826ea40 flushing  nmethod 0x000002215bc8d810
Event: 59.015 Thread 0x000002215826ea40 flushing  nmethod 0x000002215bc9fd10
Event: 59.015 Thread 0x000002215826ea40 flushing  nmethod 0x000002215bcb5c90
Event: 59.015 Thread 0x000002215826ea40 flushing  nmethod 0x000002215bcb6610
Event: 59.015 Thread 0x000002215826ea40 flushing  nmethod 0x000002215bcbd290
Event: 59.015 Thread 0x000002215826ea40 flushing  nmethod 0x000002215bcbd610
Event: 59.015 Thread 0x000002215826ea40 flushing  nmethod 0x000002215bcbdc10
Event: 59.015 Thread 0x000002215826ea40 flushing  nmethod 0x000002215bcc3890
Event: 59.015 Thread 0x000002215826ea40 flushing  nmethod 0x000002215bce9390
Event: 59.015 Thread 0x000002215826ea40 flushing  nmethod 0x000002215bce9990
Event: 59.015 Thread 0x000002215826ea40 flushing  nmethod 0x000002215bcea210
Event: 59.015 Thread 0x000002215826ea40 flushing  nmethod 0x000002215bceb090
Event: 59.015 Thread 0x000002215826ea40 flushing  nmethod 0x000002215bcf1390
Event: 59.015 Thread 0x000002215826ea40 flushing  nmethod 0x000002215bcfd610
Event: 59.015 Thread 0x000002215826ea40 flushing  nmethod 0x000002215bd01c90
Event: 59.015 Thread 0x000002215826ea40 flushing  nmethod 0x000002215bd33810
Event: 59.015 Thread 0x000002215826ea40 flushing  nmethod 0x000002215bd42310
Event: 59.015 Thread 0x000002215826ea40 flushing  nmethod 0x000002215bd5ea10

Events (20 events):
Event: 160.345 Thread 0x000002217b353bf0 Thread exited: 0x000002217b353bf0
Event: 165.351 Thread 0x000002217b352780 Thread exited: 0x000002217b352780
Event: 174.171 Thread 0x000002215812c9b0 Thread added: 0x000002217b355060
Event: 174.241 Thread 0x000002217042a340 Thread added: 0x000002217b353bf0
Event: 174.997 Thread 0x000002217b353bf0 Thread exited: 0x000002217b353bf0
Event: 174.997 Thread 0x000002217b355060 Thread exited: 0x000002217b355060
Event: 175.067 Thread 0x000002217042a340 Thread added: 0x000002217b353bf0
Event: 175.073 Thread 0x000002217b353bf0 Thread added: 0x000002217b352780
Event: 178.417 Thread 0x000002217b352780 Thread exited: 0x000002217b352780
Event: 178.417 Thread 0x000002217b353bf0 Thread exited: 0x000002217b353bf0
Event: 186.189 Thread 0x000002217042a340 Thread added: 0x000002217b353bf0
Event: 186.846 Thread 0x000002217b353bf0 Thread exited: 0x000002217b353bf0
Event: 186.909 Thread 0x000002217042a340 Thread added: 0x000002217b355060
Event: 188.577 Thread 0x000002217b355060 Thread exited: 0x000002217b355060
Event: 188.585 Thread 0x000002217042a340 Thread added: 0x000002217b353bf0
Event: 194.459 Thread 0x000002217b353bf0 Thread exited: 0x000002217b353bf0
Event: 194.550 Thread 0x000002215812c9b0 Thread added: 0x000002217b355e00
Event: 195.263 Thread 0x000002217b355e00 Thread exited: 0x000002217b355e00
Event: 195.290 Thread 0x000002217042a340 Thread added: 0x000002217b355730
Event: 203.431 Thread 0x000002217b355730 Thread exited: 0x000002217b355730


Dynamic libraries:
0x00007ff6dad70000 - 0x00007ff6dad7e000 	c:\Users\mkhan\.vscode\extensions\redhat.java-1.54.0-win32-x64\jre\21.0.10-win32-x86_64\bin\java.exe
0x00007ffb94ca0000 - 0x00007ffb94f07000 	C:\WINDOWS\SYSTEM32\ntdll.dll
0x00007ffb93640000 - 0x00007ffb93709000 	C:\WINDOWS\System32\KERNEL32.DLL
0x00007ffb91820000 - 0x00007ffb91c17000 	C:\WINDOWS\System32\KERNELBASE.dll
0x00007ffb916d0000 - 0x00007ffb9181b000 	C:\WINDOWS\System32\ucrtbase.dll
0x00007ffb67db0000 - 0x00007ffb67dc8000 	c:\Users\mkhan\.vscode\extensions\redhat.java-1.54.0-win32-x64\jre\21.0.10-win32-x86_64\bin\jli.dll
0x00007ffb3cd70000 - 0x00007ffb3cd8e000 	c:\Users\mkhan\.vscode\extensions\redhat.java-1.54.0-win32-x64\jre\21.0.10-win32-x86_64\bin\VCRUNTIME140.dll
0x00007ffb92f40000 - 0x00007ffb93106000 	C:\WINDOWS\System32\USER32.dll
0x00007ffb92540000 - 0x00007ffb92567000 	C:\WINDOWS\System32\win32u.dll
0x00007ffb7a2b0000 - 0x00007ffb7a542000 	C:\WINDOWS\WinSxS\amd64_microsoft.windows.common-controls_6595b64144ccf1df_6.0.26100.8328_none_3e08182ce334b678\COMCTL32.dll
0x00007ffb93ca0000 - 0x00007ffb93ccb000 	C:\WINDOWS\System32\GDI32.dll
0x00007ffb93cd0000 - 0x00007ffb93d79000 	C:\WINDOWS\System32\msvcrt.dll
0x00007ffb92570000 - 0x00007ffb9269c000 	C:\WINDOWS\System32\gdi32full.dll
0x00007ffb926a0000 - 0x00007ffb92743000 	C:\WINDOWS\System32\msvcp_win.dll
0x00007ffb93600000 - 0x00007ffb93632000 	C:\WINDOWS\System32\IMM32.DLL
0x00007ffb7c870000 - 0x00007ffb7c87c000 	c:\Users\mkhan\.vscode\extensions\redhat.java-1.54.0-win32-x64\jre\21.0.10-win32-x86_64\bin\vcruntime140_1.dll
0x00007ffaf3ac0000 - 0x00007ffaf3b4d000 	c:\Users\mkhan\.vscode\extensions\redhat.java-1.54.0-win32-x64\jre\21.0.10-win32-x86_64\bin\msvcp140.dll
0x00007ffaecae0000 - 0x00007ffaed881000 	c:\Users\mkhan\.vscode\extensions\redhat.java-1.54.0-win32-x64\jre\21.0.10-win32-x86_64\bin\server\jvm.dll
0x00007ffb92d00000 - 0x00007ffb92db6000 	C:\WINDOWS\System32\ADVAPI32.dll
0x00007ffb94210000 - 0x00007ffb942b7000 	C:\WINDOWS\System32\sechost.dll
0x00007ffb92e20000 - 0x00007ffb92f38000 	C:\WINDOWS\System32\RPCRT4.dll
0x00007ffb94bd0000 - 0x00007ffb94c50000 	C:\WINDOWS\System32\WS2_32.dll
0x00007ffb91550000 - 0x00007ffb915ae000 	C:\WINDOWS\SYSTEM32\POWRPROF.dll
0x00007ffb819d0000 - 0x00007ffb81a06000 	C:\WINDOWS\SYSTEM32\WINMM.dll
0x00007ffb8b120000 - 0x00007ffb8b12b000 	C:\WINDOWS\SYSTEM32\VERSION.dll
0x00007ffb91530000 - 0x00007ffb91544000 	C:\WINDOWS\SYSTEM32\UMPDC.dll
0x00007ffb90440000 - 0x00007ffb9045b000 	C:\WINDOWS\SYSTEM32\kernel.appcore.dll
0x00007ffb39330000 - 0x00007ffb3933a000 	c:\Users\mkhan\.vscode\extensions\redhat.java-1.54.0-win32-x64\jre\21.0.10-win32-x86_64\bin\jimage.dll
0x00007ffb7b4c0000 - 0x00007ffb7b702000 	C:\WINDOWS\SYSTEM32\DBGHELP.DLL
0x00007ffb93910000 - 0x00007ffb93c93000 	C:\WINDOWS\System32\combase.dll
0x00007ffb93110000 - 0x00007ffb931e9000 	C:\WINDOWS\System32\OLEAUT32.dll
0x00007ffb6f520000 - 0x00007ffb6f55b000 	C:\WINDOWS\SYSTEM32\dbgcore.DLL
0x00007ffb92490000 - 0x00007ffb92538000 	C:\WINDOWS\System32\bcryptPrimitives.dll
0x00007ffb39320000 - 0x00007ffb3932f000 	c:\Users\mkhan\.vscode\extensions\redhat.java-1.54.0-win32-x64\jre\21.0.10-win32-x86_64\bin\instrument.dll
0x00007ffaf3e50000 - 0x00007ffaf3e70000 	c:\Users\mkhan\.vscode\extensions\redhat.java-1.54.0-win32-x64\jre\21.0.10-win32-x86_64\bin\java.dll
0x00007ffb94450000 - 0x00007ffb94bbe000 	C:\WINDOWS\System32\SHELL32.dll
0x00007ffb91c20000 - 0x00007ffb9248c000 	C:\WINDOWS\System32\windows.storage.dll
0x00007ffb92ad0000 - 0x00007ffb92bc6000 	C:\WINDOWS\System32\SHCORE.dll
0x00007ffb93720000 - 0x00007ffb93786000 	C:\WINDOWS\System32\shlwapi.dll
0x00007ffb915f0000 - 0x00007ffb91619000 	C:\WINDOWS\SYSTEM32\profapi.dll
0x00007ffaf3aa0000 - 0x00007ffaf3ab8000 	c:\Users\mkhan\.vscode\extensions\redhat.java-1.54.0-win32-x64\jre\21.0.10-win32-x86_64\bin\zip.dll
0x00007ffafd9c0000 - 0x00007ffafd9d0000 	C:\Users\mkhan\.vscode\extensions\redhat.java-1.54.0-win32-x64\jre\21.0.10-win32-x86_64\bin\net.dll
0x00007ffb872c0000 - 0x00007ffb873e9000 	C:\WINDOWS\SYSTEM32\WINHTTP.dll
0x00007ffb909d0000 - 0x00007ffb90a3c000 	C:\WINDOWS\system32\mswsock.dll
0x00007ffaf3a80000 - 0x00007ffaf3a96000 	C:\Users\mkhan\.vscode\extensions\redhat.java-1.54.0-win32-x64\jre\21.0.10-win32-x86_64\bin\nio.dll
0x00007ffaf7390000 - 0x00007ffaf73a0000 	c:\Users\mkhan\.vscode\extensions\redhat.java-1.54.0-win32-x64\jre\21.0.10-win32-x86_64\bin\verify.dll
0x00007ffb41190000 - 0x00007ffb411d5000 	C:\Users\mkhan\AppData\Roaming\Code\User\globalStorage\redhat.java\1.54.0\config_win\org.eclipse.equinox.launcher\org.eclipse.equinox.launcher.win32.win32.x86_64_1.3.0.v20260203-2149\eclipse_11919.dll
0x00007ffb93460000 - 0x00007ffb935f7000 	C:\WINDOWS\System32\ole32.dll
0x00007ffb90cb0000 - 0x00007ffb90ccb000 	C:\WINDOWS\SYSTEM32\CRYPTSP.dll
0x00007ffb903a0000 - 0x00007ffb903d9000 	C:\WINDOWS\system32\rsaenh.dll
0x00007ffb90a80000 - 0x00007ffb90ab3000 	C:\WINDOWS\SYSTEM32\USERENV.dll
0x00007ffb915c0000 - 0x00007ffb915ea000 	C:\WINDOWS\SYSTEM32\bcrypt.dll
0x00007ffb90cd0000 - 0x00007ffb90cdc000 	C:\WINDOWS\SYSTEM32\CRYPTBASE.dll
0x00007ffb8fe70000 - 0x00007ffb8fea2000 	C:\WINDOWS\SYSTEM32\IPHLPAPI.DLL
0x00007ffb92ca0000 - 0x00007ffb92caa000 	C:\WINDOWS\System32\NSI.dll
0x00007ffb81030000 - 0x00007ffb81079000 	C:\Users\mkhan\AppData\Local\Temp\jna-103954487\jna17878855359129985832.dll
0x00007ffb931f0000 - 0x00007ffb931f8000 	C:\WINDOWS\System32\PSAPI.DLL
0x00007ffb8b0e0000 - 0x00007ffb8b0fd000 	C:\WINDOWS\SYSTEM32\dhcpcsvc6.DLL
0x00007ffb87260000 - 0x00007ffb87285000 	C:\WINDOWS\SYSTEM32\dhcpcsvc.DLL
0x00007ffb8cf20000 - 0x00007ffb8cf2e000 	C:\Users\mkhan\.vscode\extensions\redhat.java-1.54.0-win32-x64\jre\21.0.10-win32-x86_64\bin\sunmscapi.dll
0x00007ffb92750000 - 0x00007ffb928c8000 	C:\WINDOWS\System32\CRYPT32.dll
0x00007ffb90ed0000 - 0x00007ffb90f00000 	C:\WINDOWS\SYSTEM32\ncrypt.dll
0x00007ffb90e80000 - 0x00007ffb90ebf000 	C:\WINDOWS\SYSTEM32\NTASN1.dll
0x00007ffb8ff10000 - 0x00007ffb90042000 	C:\WINDOWS\SYSTEM32\DNSAPI.dll
0x00007ffb84b10000 - 0x00007ffb84b1b000 	C:\Windows\System32\rasadhlp.dll
0x00007ffb85c20000 - 0x00007ffb85ca6000 	C:\WINDOWS\System32\fwpuclnt.dll
0x00007ffb85960000 - 0x00007ffb85969000 	C:\Users\mkhan\.vscode\extensions\redhat.java-1.54.0-win32-x64\jre\21.0.10-win32-x86_64\bin\extnet.dll

JVMTI agents:
c:\Users\mkhan\.vscode\extensions\redhat.java-1.54.0-win32-x64\lombok\lombok-1.18.39-4050.jar path:c:\Users\mkhan\.vscode\extensions\redhat.java-1.54.0-win32-x64\jre\21.0.10-win32-x86_64\bin\instrument.dll, loaded, initialized, instrumentlib options:none

dbghelp: loaded successfully - version: 4.0.5 - missing functions: none
symbol engine: initialized successfully - sym options: 0x614 - pdb path: .;c:\Users\mkhan\.vscode\extensions\redhat.java-1.54.0-win32-x64\jre\21.0.10-win32-x86_64\bin;C:\WINDOWS\SYSTEM32;C:\WINDOWS\WinSxS\amd64_microsoft.windows.common-controls_6595b64144ccf1df_6.0.26100.8328_none_3e08182ce334b678;c:\Users\mkhan\.vscode\extensions\redhat.java-1.54.0-win32-x64\jre\21.0.10-win32-x86_64\bin\server;C:\Users\mkhan\AppData\Roaming\Code\User\globalStorage\redhat.java\1.54.0\config_win\org.eclipse.equinox.launcher\org.eclipse.equinox.launcher.win32.win32.x86_64_1.3.0.v20260203-2149;C:\Users\mkhan\AppData\Local\Temp\jna-103954487

VM Arguments:
jvm_args: --add-modules=ALL-SYSTEM --add-opens=java.base/java.util=ALL-UNNAMED --add-opens=java.base/java.lang=ALL-UNNAMED --add-opens=java.base/sun.nio.fs=ALL-UNNAMED -Declipse.application=org.eclipse.jdt.ls.core.id1 -Dosgi.bundles.defaultStartLevel=4 -Declipse.product=org.eclipse.jdt.ls.core.product -Djava.import.generatesMetadataFilesAtProjectRoot=false -DDetectVMInstallationsJob.disabled=true -Dfile.encoding=utf8 -XX:+UseParallelGC -XX:GCTimeRatio=4 -XX:AdaptiveSizePolicyWeight=90 -Dsun.zip.disableMemoryMapping=true -Xmx2G -Xms100m -Xlog:disable -javaagent:c:\Users\mkhan\.vscode\extensions\redhat.java-1.54.0-win32-x64\lombok\lombok-1.18.39-4050.jar -XX:+HeapDumpOnOutOfMemoryError -XX:HeapDumpPath=c:\Users\mkhan\AppData\Roaming\Code\User\workspaceStorage\2b81c847fb61f26cd535a11eea2a8e19\redhat.java -Daether.dependencyCollector.impl=bf 
java_command: c:\Users\mkhan\.vscode\extensions\redhat.java-1.54.0-win32-x64\server\plugins\org.eclipse.equinox.launcher_1.7.100.v20251111-0406.jar -configuration c:\Users\mkhan\AppData\Roaming\Code\User\globalStorage\redhat.java\1.54.0\config_win -data c:\Users\mkhan\AppData\Roaming\Code\User\workspaceStorage\2b81c847fb61f26cd535a11eea2a8e19\redhat.java\jdt_ws --pipe=\\.\pipe\lsp-0d1cd46ad1538bb515df8ceb164d96d3-sock
java_class_path (initial): c:\Users\mkhan\.vscode\extensions\redhat.java-1.54.0-win32-x64\server\plugins\org.eclipse.equinox.launcher_1.7.100.v20251111-0406.jar
Launcher Type: SUN_STANDARD

[Global flags]
    uintx AdaptiveSizePolicyWeight                 = 90                                        {product} {command line}
     intx CICompilerCount                          = 4                                         {product} {ergonomic}
    uintx GCTimeRatio                              = 4                                         {product} {command line}
     bool HeapDumpOnOutOfMemoryError               = true                                   {manageable} {command line}
    ccstr HeapDumpPath                             = c:\Users\mkhan\AppData\Roaming\Code\User\workspaceStorage\2b81c847fb61f26cd535a11eea2a8e19\redhat.java         {manageable} {command line}
   size_t InitialHeapSize                          = 104857600                                 {product} {command line}
   size_t MaxHeapSize                              = 2147483648                                {product} {command line}
   size_t MaxNewSize                               = 715653120                                 {product} {ergonomic}
   size_t MinHeapDeltaBytes                        = 524288                                    {product} {ergonomic}
   size_t MinHeapSize                              = 104857600                                 {product} {command line}
   size_t NewSize                                  = 34603008                                  {product} {ergonomic}
    uintx NonNMethodCodeHeapSize                   = 5839372                                {pd product} {ergonomic}
    uintx NonProfiledCodeHeapSize                  = 122909434                              {pd product} {ergonomic}
   size_t OldSize                                  = 70254592                                  {product} {ergonomic}
    uintx ProfiledCodeHeapSize                     = 122909434                              {pd product} {ergonomic}
    uintx ReservedCodeCacheSize                    = 251658240                              {pd product} {ergonomic}
     bool SegmentedCodeCache                       = true                                      {product} {ergonomic}
   size_t SoftMaxHeapSize                          = 2147483648                             {manageable} {ergonomic}
     bool UseCompressedOops                        = true                           {product lp64_product} {ergonomic}
     bool UseLargePagesIndividualAllocation        = false                                  {pd product} {ergonomic}
     bool UseParallelGC                            = true                                      {product} {command line}

Logging:
Log output configuration:
 #0: stdout all=off uptime,level,tags foldmultilines=false
 #1: stderr all=off uptime,level,tags foldmultilines=false

Release file:
JAVA_VERSION="21.0.10" 
MODULES="java.base java.compiler java.datatransfer java.xml java.prefs java.desktop java.instrument java.logging java.management java.security.sasl java.naming java.rmi java.management.rmi java.net.http java.scripting java.security.jgss java.transaction.xa java.sql java.sql.rowset java.xml.crypto java.se java.smartcardio jdk.accessibility jdk.internal.jvmstat jdk.attach jdk.charsets jdk.internal.opt jdk.zipfs jdk.compiler jdk.crypto.ec jdk.crypto.cryptoki jdk.crypto.mscapi jdk.dynalink jdk.internal.ed jdk.editpad jdk.hotspot.agent jdk.httpserver jdk.internal.le jdk.internal.vm.ci jdk.internal.vm.compiler jdk.internal.vm.compiler.management jdk.jartool jdk.javadoc jdk.jcmd jdk.management jdk.management.agent jdk.jconsole jdk.jdeps jdk.jdwp.agent jdk.jdi jdk.jfr jdk.jshell jdk.jsobject jdk.jstatd jdk.localedata jdk.management.jfr jdk.naming.dns jdk.naming.rmi jdk.net jdk.nio.mapmode jdk.random jdk.sctp jdk.security.auth jdk.security.jgss jdk.unsupported jdk.unsupported.desktop jdk.xml.dom" 

Environment Variables:
JAVA_HOME=C:\Program Files\Java\jdk-17
PATH=C:\Users\mkhan\AppData\Local\Programs\Microsoft VS Code;C:\Program Files\Common Files\Oracle\Java\javapath;C:\Python312\Scripts\;C:\Python312\;C:\WINDOWS\system32;C:\WINDOWS;C:\WINDOWS\System32\Wbem;C:\WINDOWS\System32\WindowsPowerShell\v1.0\;C:\WINDOWS\System32\OpenSSH\;C:\MinGW\bin;C:\Program Files\Git\cmd;C:\ProgramData\chocolatey\bin;C:\Program Files\nodejs\;C:\Program Files\Java\jdk-17\bin;C:\Program Files\apache-maven-3.9.14\bin;C:\Users\mkhan\AppData\Local\Microsoft\WindowsApps;C:\Users\mkhan\AppData\Local\Programs\Microsoft VS Code\bin;C:\Dev-C++.lnk;C:\Users\mkhan\AppData\Roaming\npm;C:\Users\mkhan\AppData\Local\Programs\Antigravity\bin;C:\Program Files\JetBrains\IntelliJ IDEA 2026.1.1\bin
USERNAME=mkhan
OS=Windows_NT
PROCESSOR_IDENTIFIER=Intel64 Family 6 Model 142 Stepping 10, GenuineIntel
TMP=C:\Users\mkhan\AppData\Local\Temp
TEMP=C:\Users\mkhan\AppData\Local\Temp




Periodic native trim disabled

---------------  S Y S T E M  ---------------

OS:
 Windows 11 , 64 bit Build 26100 (10.0.26100.8328)
OS uptime: 0 days 22:30 hours
Hyper-V role detected

CPU: total 8 (initial active 8) (4 cores per cpu, 2 threads per core) family 6 model 142 stepping 10 microcode 0xf6, cx8, cmov, fxsr, ht, mmx, 3dnowpref, sse, sse2, sse3, ssse3, sse4.1, sse4.2, popcnt, lzcnt, tsc, tscinvbit, avx, avx2, aes, erms, clmul, bmi1, bmi2, adx, fma, vzeroupper, clflush, clflushopt, hv, rdtscp, f16c
Processor Information for processor 0
  Max Mhz: 1800, Current Mhz: 1000, Mhz Limit: 1584
Processor Information for processor 1
  Max Mhz: 1800, Current Mhz: 1000, Mhz Limit: 1584
Processor Information for processor 2
  Max Mhz: 1800, Current Mhz: 1000, Mhz Limit: 1584
Processor Information for processor 3
  Max Mhz: 1800, Current Mhz: 1600, Mhz Limit: 1584
Processor Information for processor 4
  Max Mhz: 1800, Current Mhz: 1000, Mhz Limit: 1584
Processor Information for processor 5
  Max Mhz: 1800, Current Mhz: 1000, Mhz Limit: 1584
Processor Information for processor 6
  Max Mhz: 1800, Current Mhz: 1000, Mhz Limit: 1584
Processor Information for processor 7
  Max Mhz: 1800, Current Mhz: 1000, Mhz Limit: 1584

Memory: 4k page, system-wide physical 3955M (555M free)
TotalPageFile size 12659M (AvailPageFile size 5033M)
current process WorkingSet (physical memory assigned to process): 335M, peak: 368M
current process commit charge ("private bytes"): 497M, peak: 500M

vm_info: OpenJDK 64-Bit Server VM (21.0.10+7-LTS) for windows-amd64 JRE (21.0.10+7-LTS), built on 2026-01-20T00:00:00Z by "admin" with MS VC++ 17.12 (VS2022)

END.
